[backblue.gif]
[fade.gif]
[index.html]
[unpkg.com/sweetalert/dist/sweetalert.min.10.delayed]
[instantfxoptions.sytes.net/images/bitcoin31.png]
[ajax.googleapis.com/ajax/libs/jquery/3.5.1/jquery.min.js]
[cdnjs.cloudflare.com/ajax/libs/popper.js/1.16.0/umd/popper.min.js]
[instantfxoptions.sytes.net/register.html]
[instantfxoptions.sytes.net/data/jquery/jquery.js]
[unpkg.com/sweetalert@2.1.2/dist/sweetalert.min.js]
[maxcdn.bootstrapcdn.com/bootstrap/4.5.2/js/bootstrap.min.js]
[instantfxoptions.sytes.net/data/jquery/jquery-migrate.min.js]
[instantfxoptions.sytes.net/data/design/cryptonode/images/logo.png]
[instantfxoptions.sytes.net/data/design/cryptonode/images/header.jpg]
[instantfxoptions.sytes.net/data/design/cryptonode/js/modernizr.js]
[instantfxoptions.sytes.net/data/design/cryptonode/js/pikaday.js]
[instantfxoptions.sytes.net/data/design/cryptonode/js/jquery.swipebox.js]
[instantfxoptions.sytes.net/data/design/cryptonode/js/bootstrap/bootstrap.min.js]
[instantfxoptions.sytes.net/data/plugins/js_composer/assets/lib/bower/font-awesome/css/font-awesome.min.css]
[instantfxoptions.sytes.net/data/design/cryptonode/css/bootstrap.css]
[instantfxoptions.sytes.net/data/design/cryptonode/js/jquery.countdown.min.js]
[instantfxoptions.sytes.net/data/design/cryptonode/js/doubletaptogo.js]
[instantfxoptions.sytes.net/data/design/cryptonode/js/functions.js]
[instantfxoptions.sytes.net/data/design/cryptonode/js/flexibility.js]
[instantfxoptions.sytes.net/data/design/cryptonode/js/owlcarousel/owl.carousel.js]
[instantfxoptions.sytes.net/data/plugins/js_composer/assets/js/dist/js_composer_front.min.js]
[instantfxoptions.sytes.net/data/design/cryptonode/images/coins.png]
[instantfxoptions.sytes.net/data/design/cryptonode/images/statbg.jpg]
[instantfxoptions.sytes.net/data/design/cryptonode/images/header-lines.png]
[instantfxoptions.sytes.net/data/design/cryptonode/images/plansbg.jpg]
[instantfxoptions.sytes.net/data/design/cryptonode/css/core.css]
[instantfxoptions.sytes.net/data/design/cryptonode/css/components.html]
[instantfxoptions.sytes.net/data/design/cryptonode/css/button.css]
[instantfxoptions.sytes.net/data/design/cryptonode/images/favicon.html]
[use.fontawesome.com/releases/v5.6.3/css/all.css]
[cdnjs.cloudflare.com/ajax/libs/font-awesome/4.7.0/css/font-awesome.min.css]
[www.w3schools.com/w3css/4/w3.css]
[maxcdn.bootstrapcdn.com/bootstrap/4.5.2/css/bootstrap.min.css]
[instantfxoptions.sytes.net/data/plugins/js_composer/assets/css/js_composer.min.css]
[instantfxoptions.sytes.net/data/design/cryptonode/images/header-line.png]
[instantfxoptions.sytes.net/data/design/cryptonode/images/icon-security.png]
[instantfxoptions.sytes.net/data/design/cryptonode/images/icon-legal.png]
[widgets.coingecko.com/coingecko-coin-price-marquee-widget.js]
[instantfxoptions.sytes.net/data/design/cryptonode/images/icon-card.png]
[instantfxoptions.sytes.net/data/design/cryptonode/images/icon-money.png]
[instantfxoptions.sytes.net/data/design/cryptonode/images/icons/calendar.png]
[instantfxoptions.sytes.net/data/design/cryptonode/images/icons/shield.png]
[instantfxoptions.sytes.net/data/design/cryptonode/images/icons/cash.png]
[instantfxoptions.sytes.net/data/design/cryptonode/images/icons/deposits.png]
[instantfxoptions.sytes.net/data/design/cryptonode/images/statbg2.jpg]
[instantfxoptions.sytes.net/data/design/cryptonode/images/deposit.png]
[instantfxoptions.sytes.net/data/design/cryptonode/images/pay/18.png]
[instantfxoptions.sytes.net/data/design/cryptonode/images/withdraw.png]
[instantfxoptions.sytes.net/data/design/cryptonode/images/pay/pay-big/18.png]
[instantfxoptions.sytes.net/data/design/cryptonode/images/pay/pay-big/43.png]
[instantfxoptions.sytes.net/data/design/cryptonode/images/pay/pay-big/48.png]
[instantfxoptions.sytes.net/data/design/cryptonode/images/pay/pay-big/68.png]
[instantfxoptions.sytes.net/data/design/cryptonode/images/pay/pay-big/79.png]
[instantfxoptions.sytes.net/data/design/cryptonode/images/pay/pay-big/69.png]
[instantfxoptions.sytes.net/data/design/cryptonode/images/certificate.jpg]
[instantfxoptions.sytes.net/index.html]
[instantfxoptions.sytes.net/about.html]
[instantfxoptions.sytes.net/faq.html]
[instantfxoptions.sytes.net/rules.html]
[instantfxoptions.sytes.net/contact.html]
[instantfxoptions.sytes.net/signup.html]
[instantfxoptions.sytes.net/register-2.html]
[instantfxoptions.sytes.net/index38cd38cd.html]
[instantfxoptions.sytes.net/signup-2.html]
[instantfxoptions.sytes.net/data/plugins/js_composer/assets/lib/bower/font-awesome/fonts/fontawesome-webfont.eot_v=4.7.html]
[instantfxoptions.sytes.net/data/plugins/js_composer/assets/lib/bower/font-awesome/fonts/fontawesome-webfont.html]
[instantfxoptions.sytes.net/data/plugins/js_composer/assets/lib/bower/font-awesome/fonts/fontawesome-webfont.woff2_v=4.7.html]
[instantfxoptions.sytes.net/data/plugins/js_composer/assets/lib/bower/font-awesome/fonts/fontawesome-webfont.woff_v=4.7.html]
[instantfxoptions.sytes.net/data/plugins/js_composer/assets/lib/bower/font-awesome/fonts/fontawesome-webfont.ttf_v=4.7.html]
[instantfxoptions.sytes.net/data/plugins/js_composer/assets/lib/bower/font-awesome/fonts/fontawesome-webfont.svg_v=4.7.html]
[instantfxoptions.sytes.net/data/design/cryptonode/css/boxed/pattern-1.html]
[instantfxoptions.sytes.net/data/design/cryptonode/css/boxed/pattern-2.html]
[instantfxoptions.sytes.net/data/design/cryptonode/css/boxed/pattern-3.html]
[instantfxoptions.sytes.net/data/design/cryptonode/css/boxed/pattern-4.html]
[instantfxoptions.sytes.net/data/design/cryptonode/css/boxed/pattern-5.html]
[instantfxoptions.sytes.net/data/design/cryptonode/css/boxed/pattern-6.html]
[instantfxoptions.sytes.net/data/design/cryptonode/css/boxed/pattern-7.html]
[instantfxoptions.sytes.net/data/design/cryptonode/css/boxed/pattern-8.html]
[instantfxoptions.sytes.net/data/design/cryptonode/css/boxed/pattern-9.html]
[instantfxoptions.sytes.net/data/design/cryptonode/css/boxed/pattern-10.html]
[instantfxoptions.sytes.net/data/design/cryptonode/css/boxed/pattern-11.html]
[instantfxoptions.sytes.net/data/design/cryptonode/css/boxed/pattern-12.html]
[instantfxoptions.sytes.net/data/plugins/js_composer/assets/vc/alert.html]
[instantfxoptions.sytes.net/data/plugins/js_composer/assets/vc/info.html]
[instantfxoptions.sytes.net/data/plugins/js_composer/assets/vc/tick.html]
[instantfxoptions.sytes.net/data/plugins/js_composer/assets/vc/exclamation.html]
[instantfxoptions.sytes.net/data/plugins/js_composer/assets/images/icons/address-book.html]
[instantfxoptions.sytes.net/data/plugins/js_composer/assets/images/icons/alarm-clock.html]
[instantfxoptions.sytes.net/data/plugins/js_composer/assets/images/icons/anchor.html]
[instantfxoptions.sytes.net/data/plugins/js_composer/assets/images/icons/application-image.html]
[instantfxoptions.sytes.net/data/plugins/js_composer/assets/images/icons/arrow.html]
[instantfxoptions.sytes.net/data/plugins/js_composer/assets/images/icons/asterisk.html]
[instantfxoptions.sytes.net/data/plugins/js_composer/assets/images/icons/auction-hammer.html]
[instantfxoptions.sytes.net/data/plugins/js_composer/assets/images/icons/balloon.html]
[instantfxoptions.sytes.net/data/plugins/js_composer/assets/images/icons/balloon-buzz.html]
[instantfxoptions.sytes.net/data/plugins/js_composer/assets/images/icons/balloon-facebook.html]
[instantfxoptions.sytes.net/data/plugins/js_composer/assets/images/icons/balloon-twitter.html]
[instantfxoptions.sytes.net/data/plugins/js_composer/assets/images/icons/battery-full.html]
[instantfxoptions.sytes.net/data/plugins/js_composer/assets/images/icons/binocular.html]
[instantfxoptions.sytes.net/data/plugins/js_composer/assets/images/icons/blue-document-excel.html]
[instantfxoptions.sytes.net/data/plugins/js_composer/assets/images/icons/blue-document-image.html]
[instantfxoptions.sytes.net/data/plugins/js_composer/assets/images/icons/blue-document-music.html]
[instantfxoptions.sytes.net/data/plugins/js_composer/assets/images/icons/blue-document-office.html]
[instantfxoptions.sytes.net/data/plugins/js_composer/assets/images/icons/blue-document-pdf.html]
[instantfxoptions.sytes.net/data/plugins/js_composer/assets/images/icons/blue-document-powerpoint.html]
[instantfxoptions.sytes.net/data/plugins/js_composer/assets/images/icons/blue-document-word.html]
[instantfxoptions.sytes.net/data/plugins/js_composer/assets/images/icons/bookmark.html]
[instantfxoptions.sytes.net/data/plugins/js_composer/assets/images/icons/camcorder.html]
[instantfxoptions.sytes.net/data/plugins/js_composer/assets/images/icons/camera.html]
[instantfxoptions.sytes.net/data/plugins/js_composer/assets/images/icons/chart.html]
[instantfxoptions.sytes.net/data/plugins/js_composer/assets/images/icons/chart-pie.html]
[instantfxoptions.sytes.net/data/plugins/js_composer/assets/images/icons/clock.html]
[instantfxoptions.sytes.net/data/plugins/js_composer/assets/images/icons/control.html]
[instantfxoptions.sytes.net/data/plugins/js_composer/assets/images/icons/fire.html]
[instantfxoptions.sytes.net/data/plugins/js_composer/assets/images/icons/heart.html]
[instantfxoptions.sytes.net/data/plugins/js_composer/assets/images/icons/mail.html]
[instantfxoptions.sytes.net/data/plugins/js_composer/assets/images/icons/plus-shield.html]
[instantfxoptions.sytes.net/data/plugins/js_composer/assets/images/icons/video.html]
[instantfxoptions.sytes.net/data/plugins/js_composer/assets/fonts/vc_icons_v2/fonts/vcpb-plugin-icons.html]
[instantfxoptions.sytes.net/data/plugins/js_composer/assets/fonts/vc_icons_v2/fonts/vcpb-plugin-icons-2.html]
[instantfxoptions.sytes.net/data/plugins/js_composer/assets/fonts/vc_icons_v2/fonts/vcpb-plugin-icons-3.html]
[instantfxoptions.sytes.net/data/plugins/js_composer/assets/images/toggle_open.html]
[instantfxoptions.sytes.net/data/plugins/js_composer/assets/images/toggle_close.html]
[instantfxoptions.sytes.net/data/plugins/js_composer/assets/images/flickr.html]
[instantfxoptions.sytes.net/data/plugins/js_composer/assets/fonts/vc_grid/vc_grid_v1.html]
[instantfxoptions.sytes.net/data/plugins/js_composer/assets/fonts/vc_grid/vc_grid_v1-2.html]
[instantfxoptions.sytes.net/data/plugins/js_composer/assets/fonts/vc_grid/vc_grid_v1-3.html]
[instantfxoptions.sytes.net/data/plugins/js_composer/assets/fonts/vc_grid/vc_grid_v1-4.html]
[instantfxoptions.sytes.net/data/plugins/js_composer/assets/fonts/vc_grid/vc_grid_v1-5.html]
[instantfxoptions.sytes.net/data/plugins/js_composer/assets/images/spinner.html]
[instantfxoptions.sytes.net/data/plugins/js_composer/assets/vc/remove.html]
[instantfxoptions.sytes.net/index-2.html]
[instantfxoptions.sytes.net/data/design/cryptonode/images/about2.html]
[instantfxoptions.sytes.net/POST.html]
[instantfxoptions.sytes.net/index38983898.html]
[instantfxoptions.sytes.net/indexa972a972.html]
[instantfxoptions.sytes.net/index15a015a0.html]
[code.tidio.co/v0th9936o09hdauo5rlrfhlusagnlale.js]
